// Jest Snapshot v1, https://goo.gl/fbAQLP

exports[`common/components/Logo should render correctly 1`] = `
<DocumentFragment>
  <a
    class="root"
    href="/"
  >
    <svg
      class="logo"
    >
      Logo.svg
    </svg>
  </a>
</DocumentFragment>
`;
