// Jest Snapshot v1, https://goo.gl/fbAQLP

exports[`common/components/Label should render correctly 1`] = `
<DocumentFragment>
  <label
    class="root"
    for="sample-input"
  >
    <input
      id="sample-input"
    />
  </label>
</DocumentFragment>
`;
